Microchip Technology Inc, v1.50 (B)

Tool Name:
  /opt/microchip/xc16/v1.50/bin/bin/../bin/elf-ld

Command:
  -p24FV16KA302 \
  --mdfp=/opt/microchip/mplabx/v5.40/packs/Microchip/PIC24F-KA-KL-KM_DFP/1.3.49/xc16 \
  -o \
  dist/default/production/RHD2132.X.production.elf \
  -L/opt/microchip/xc16/v1.50/bin/bin/.. \
  -L/opt/microchip/mplabx/v5.40/packs/Microchip/PIC24F-KA-KL-KM_DFP/1.3.49/xc16/bin/../support/PIC24F/gld \
  -L/opt/microchip/xc16/v1.50/bin/bin/../../lib \
  -L/opt/microchip/xc16/v1.50/bin/bin/../../support/PIC24E/gld \
  -L/opt/microchip/xc16/v1.50/bin/bin/../../support/PIC24F/gld \
  -L/opt/microchip/xc16/v1.50/bin/bin/../../support/PIC24H/gld \
  -L/opt/microchip/xc16/v1.50/bin/bin/../../support/dsPIC30F/gld \
  -L/opt/microchip/xc16/v1.50/bin/bin/../../support/dsPIC33C/gld \
  -L/opt/microchip/xc16/v1.50/bin/bin/../../support/dsPIC33E/gld \
  -L/opt/microchip/xc16/v1.50/bin/bin/../../support/dsPIC33F/gld \
  build/default/production/mcc_generated_files/spi1.o \
  build/default/production/mcc_generated_files/system.o \
  build/default/production/mcc_generated_files/clock.o \
  build/default/production/mcc_generated_files/traps.o \
  build/default/production/mcc_generated_files/interrupt_manager.o \
  build/default/production/mcc_generated_files/mcc.o \
  build/default/production/mcc_generated_files/pin_manager.o \
  build/default/production/mcc_generated_files/uart1.o \
  build/default/production/mcc_generated_files/spi2.o \
  build/default/production/main.o \
  build/default/production/Intan_RHD2132.o \
  build/default/production/Comm.o \
  build/default/production/SST26VF016B.o \
  build/default/production/Measurement.o \
  build/default/production/SPI_nowait.o \
  --defsym=__MPLAB_BUILD=1 \
  -Tp24FV16KA302.gld.00 \
  --stack=16 \
  --check-sections \
  --data-init \
  --pack-data \
  --handles \
  --isr \
  --no-gc-sections \
  --fill-upper=0 \
  --stackguard=16 \
  --no-force-link \
  --smart-io \
  -Map=dist/default/production/RHD2132.X.production.map \
  --report-mem \
  --memorysummary \
  dist/default/production/memoryfile.xml \
  -start-group \
  --library=lega-pic30-elf \
  --library=m-elf \
  --library=lega-c-elf \
  -end-group \


Optional library libpPIC24Fxxx.a not found
Archive member included because of file (symbol)

/opt/microchip/xc16/v1.50/bin/bin/../../lib/liblega-pic30-elf.a(crt0_standard.o)
                              (__resetPRI)
/opt/microchip/xc16/v1.50/bin/bin/../../lib/liblega-pic30-elf.a(data_init_standard.o)
                              /opt/microchip/xc16/v1.50/bin/bin/../../lib/liblega-pic30-elf.a(crt0_standard.o) (__data_init_standard)
/opt/microchip/xc16/v1.50/bin/bin/../../lib/liblega-pic30-elf.a(crt_start_mode_normal.Leo)
                              (__crt_start_mode_normal)
/opt/microchip/xc16/v1.50/bin/bin/../../lib/liblega-pic30-elf.a(delay32.Leo)
                              build/default/production/main.o (___delay32)
/opt/microchip/xc16/v1.50/bin/bin/../../lib/libm-elf.a(divsf3.eo)
                              build/default/production/Intan_RHD2132.o (___divsf3)
/opt/microchip/xc16/v1.50/bin/bin/../../lib/libm-elf.a(feqltle.eo)
                              build/default/production/Intan_RHD2132.o (___ltsf2)
/opt/microchip/xc16/v1.50/bin/bin/../../lib/libm-elf.a(fpack.eo)
                              /opt/microchip/xc16/v1.50/bin/bin/../../lib/libm-elf.a(divsf3.eo) (__fpack)
/opt/microchip/xc16/v1.50/bin/bin/../../lib/libm-elf.a(funpack2.eo)
                              /opt/microchip/xc16/v1.50/bin/bin/../../lib/libm-elf.a(divsf3.eo) (__funpack2)
/opt/microchip/xc16/v1.50/bin/bin/../../lib/libm-elf.a(futil.eo)
                              /opt/microchip/xc16/v1.50/bin/bin/../../lib/libm-elf.a(divsf3.eo) (__fPropagateNaN)
/opt/microchip/xc16/v1.50/bin/bin/../../lib/libm-elf.a(fcompare.eo)
                              /opt/microchip/xc16/v1.50/bin/bin/../../lib/libm-elf.a(feqltle.eo) (__fcompare)
/opt/microchip/xc16/v1.50/bin/bin/../../lib/libm-elf.a(funpack.eo)
                              /opt/microchip/xc16/v1.50/bin/bin/../../lib/libm-elf.a(funpack2.eo) (__funpack)
/opt/microchip/xc16/v1.50/bin/bin/../../lib/liblega-c-elf.a(memcpy.XX_eo)
                              build/default/production/Intan_RHD2132.o (_memcpy)
/opt/microchip/xc16/v1.50/bin/bin/../../lib/liblega-c-elf.a(puts.XX_eo)
                              build/default/production/Intan_RHD2132.o (_puts)
/opt/microchip/xc16/v1.50/bin/bin/../../lib/liblega-c-elf.a(xfiles.XX_eo)
                              /opt/microchip/xc16/v1.50/bin/bin/../../lib/liblega-c-elf.a(puts.XX_eo) (__Stdout)
/opt/microchip/xc16/v1.50/bin/bin/../../lib/liblega-c-elf.a(fputc.XX_elo)
                              /opt/microchip/xc16/v1.50/bin/bin/../../lib/liblega-c-elf.a(puts.XX_eo) (_fputc)
/opt/microchip/xc16/v1.50/bin/bin/../../lib/liblega-c-elf.a(fflush.XX_eo)
                              /opt/microchip/xc16/v1.50/bin/bin/../../lib/liblega-c-elf.a(fputc.XX_elo) (__DNKfflush)
[...]
Memory Configuration

Name             Origin             Length             Attributes
data             0x000800           0x000800           a !xr
reset            0x000000           0x000004  
ivt              0x000004           0x0000fc  
_reserved        0x000100           0x000004  
aivt             0x000104           0x0000fc  
program          0x000200           0x002a00           xr
eedata           0x7ffe00           0x000200  
FBS              0xf80000           0x000002  
FGS              0xf80004           0x000002  
FOSCSEL          0xf80006           0x000002  
FOSC             0xf80008           0x000002  
FWDT             0xf8000a           0x000002  
FPOR             0xf8000c           0x000002  
FICD             0xf8000e           0x000002  
FDS              0xf80010           0x000002  
*default*        0x000000           0xffffffffffffffff  

Linker script and memory map

LOAD build/default/production/mcc_generated_files/spi1.o
LOAD build/default/production/mcc_generated_files/system.o
LOAD build/default/production/mcc_generated_files/clock.o
LOAD build/default/production/mcc_generated_files/traps.o
LOAD build/default/production/mcc_generated_files/interrupt_manager.o
LOAD build/default/production/mcc_generated_files/mcc.o
LOAD build/default/production/mcc_generated_files/pin_manager.o
LOAD build/default/production/mcc_generated_files/uart1.o
LOAD build/default/production/mcc_generated_files/spi2.o
LOAD build/default/production/main.o
LOAD build/default/production/Intan_RHD2132.o
LOAD build/default/production/Comm.o
LOAD build/default/production/SST26VF016B.o
LOAD build/default/production/Measurement.o
LOAD build/default/production/SPI_nowait.o
                    0x0001                  __MPLAB_BUILD = 0x1
LOAD pPIC24Fxxx
LOAD /opt/microchip/xc16/v1.50/bin/bin/../../lib/libfx-elf.a
                    0xf80000                  __FBS = 0xf80000
                    0xf80004                  __FGS = 0xf80004
                    0xf80006                  __FOSCSEL = 0xf80006
                    0xf80008                  __FOSC = 0xf80008
                    0xf8000a                  __FWDT = 0xf8000a
                    0xf8000c                  __FPOR = 0xf8000c
                    0xf8000e                  __FICD = 0xf8000e
                    0xf80010                  __FDS = 0xf80010
                    0x0001                  __NO_HANDLES = 0x1
                    0x0200                  __CODE_BASE = 0x200
                    0x2a00                  __CODE_LENGTH = 0x2a00
                    0x0004                  __IVT_BASE = 0x4
                    0x0104                  __AIVT_BASE = 0x104
                    0x0800                  __DATA_BASE = 0x800
                    0x0800                  __DATA_LENGTH = 0x800

.reset            0x000000          0x4
                  0x000000          0x2 SHORT 0x200 ABSOLUTE (__reset)
                  0x000001          0x2 SHORT 0x4
                  0x000002          0x2 SHORT 0x0 ((ABSOLUTE (__reset) >> 0x10) & 0x7f)
                  0x000003          0x2 SHORT 0x0

.text             0x000200        0x8d4
 *(.init)
 .init            0x000200         0x4c /opt/microchip/xc16/v1.50/bin/bin/../../lib/liblega-pic30-elf.a(crt0_standard.o)
                  0x000200                  __reset
                  0x000200                  __resetPRI
                  0x00023c                  __psv_init
 .init            0x00024c         0x7c /opt/microchip/xc16/v1.50/bin/bin/../../lib/liblega-pic30-elf.a(data_init_standard.o)
                  0x000252                  __data_init
                  0x000252                  __data_init_standard
 *(.user_init)
 *(.handle)
 *(.isr*)
 .isr.text        0x0002d8         0x82 build/default/production/mcc_generated_files/traps.o
                  0x0002d8                  __OscillatorFail
                  0x0002f8                  __StackError
                  0x00031a                  __AddressError
                  0x00033a                  __MathError
 .isr.text        0x00035a         0xd8 build/default/production/mcc_generated_files/uart1.o
                  0x00035a                  __U1TXInterrupt
                  0x0003b6                  __U1RXInterrupt
                  0x00041c                  __U1ErrInterrupt
 .isr             0x000432          0x4 default_isr
                  0x000432                  __DefaultInterrupt
 *(.libc)
 .libc            0x000436         0x12 /opt/microchip/xc16/v1.50/bin/bin/../../lib/liblega-pic30-elf.a(close.Leo)
                  0x000436                  _close
 .libc            0x000448         0x84 /opt/microchip/xc16/v1.50/bin/bin/../../lib/liblega-pic30-elf.a(write.Leo)
                  0x000448                  _write
 .libc            0x0004cc         0x12 /opt/microchip/xc16/v1.50/bin/bin/../../lib/liblega-pic30-elf.a(remove.Leo)
                  0x0004cc                  _remove
 .libc            0x0004de         0x28 /opt/microchip/xc16/v1.50/bin/bin/../../lib/liblega-pic30-elf.a(sbrk.Leo)
                  0x0004de                  _sbrk
 .libc            0x000506         0x1a /opt/microchip/xc16/v1.50/bin/bin/../../lib/liblega-pic30-elf.a(brk.Lelo)
                  0x000506                  _brk
 *(.libm)
 *(.libdsp)
 *(.lib*)
 .libpic30_crt_start_mode
                  0x000520          0x2 /opt/microchip/xc16/v1.50/bin/bin/../../lib/liblega-pic30-elf.a(crt_start_mode_normal.Leo)
                  0x000520                  __crt_start_mode_normal
                  0x000520                  __crt_start_mode
 .libm.divfs3     0x000522         0x84 /opt/microchip/xc16/v1.50/bin/bin/../../lib/libm-elf.a(divsf3.eo)
                  0x000522                  ___divsf3
 .libm.eqsf2      0x0005a6          0x4 /opt/microchip/xc16/v1.50/bin/bin/../../lib/libm-elf.a(feqltle.eo)
                  0x0005a6                  ___lesf2
                  0x0005a6                  ___eqsf2
                  0x0005a6                  ___ltsf2
 .libm.fpack      0x0005aa         0x4c /opt/microchip/xc16/v1.50/bin/bin/../../lib/libm-elf.a(fpack.eo)
                  0x0005aa                  __fpack
 .libm.funpack2
                  0x0005f6         0x10 /opt/microchip/xc16/v1.50/bin/bin/../../lib/libm-elf.a(funpack2.eo)
                  0x0005f6                  __funpack2
 .libm.fPropagateNaN
                  0x000606         0x12 /opt/microchip/xc16/v1.50/bin/bin/../../lib/libm-elf.a(futil.eo)
                  0x000606                  __fPropagateNaN
 .libm.fbobExit
                  0x000618          0x8 /opt/microchip/xc16/v1.50/bin/bin/../../lib/libm-elf.a(futil.eo)
                  0x000618                  __fbopExit
 .libm.fbopReturnNaN
                  0x000620          0x6 /opt/microchip/xc16/v1.50/bin/bin/../../lib/libm-elf.a(futil.eo)
                  0x000620                  __fbopReturnNaN
 .libm.fcompare
                  0x000626         0x36 /opt/microchip/xc16/v1.50/bin/bin/../../lib/libm-elf.a(fcompare.eo)
                  0x000626                  __fcompare
 .libm.funpack    0x00065c         0x2a /opt/microchip/xc16/v1.50/bin/bin/../../lib/libm-elf.a(funpack.eo)
                  0x00065c                  __funpack
 .libc.memcpy     0x000686          0xe /opt/microchip/xc16/v1.50/bin/bin/../../lib/liblega-c-elf.a(memcpy.XX_eo)
                  0x000686                  _memcpy
 .libc.puts       0x000694         0x16 /opt/microchip/xc16/v1.50/bin/bin/../../lib/liblega-c-elf.a(puts.XX_eo)
                  0x000694                  _puts
 .libc.fputc      0x0006aa         0x4e /opt/microchip/xc16/v1.50/bin/bin/../../lib/liblega-c-elf.a(fputc.XX_elo)
                  0x0006aa                  _fputc
 .libc._DNKfflush
                  0x0006f8         0x76 /opt/microchip/xc16/v1.50/bin/bin/../../lib/liblega-c-elf.a(fflush.XX_eo)
                  0x0006f8                  __DNKfflush
 .libc.fputs      0x00076e         0x90 /opt/microchip/xc16/v1.50/bin/bin/../../lib/liblega-c-elf.a(fputs.XX_eo)
                  0x00076e                  _fputs
 .libc.strlen     0x0007fe          0xc /opt/microchip/xc16/v1.50/bin/bin/../../lib/liblega-c-elf.a(strlen.XX_eo)
                  0x0007fe                  _strlen
 .libc.strrchr    0x00080a         0x14 /opt/microchip/xc16/v1.50/bin/bin/../../lib/liblega-c-elf.a(strrchr.XX_eo)
                  0x00080a                  _strrchr
 .libc._Fwprep    0x00081e         0x8e /opt/microchip/xc16/v1.50/bin/bin/../../lib/liblega-c-elf.a(xfwprep.XX_eo)
                  0x00081e                  __Fwprep
 .libc.closeallreg
                  0x0008ac          0x4 /opt/microchip/xc16/v1.50/bin/bin/../../lib/liblega-c-elf.a(fclose.XX_elo)
 .libc._Closreg
                  0x0008b0         0x12 /opt/microchip/xc16/v1.50/bin/bin/../../lib/liblega-c-elf.a(fclose.XX_elo)
                  0x0008b0                  __Closreg
 .libc.fclose     0x0008c2         0x90 /opt/microchip/xc16/v1.50/bin/bin/../../lib/liblega-c-elf.a(fclose.XX_elo)
                  0x0008c2                  _fclose
 .libc.closeall
                  0x000952         0x20 /opt/microchip/xc16/v1.50/bin/bin/../../lib/liblega-c-elf.a(fclose.XX_elo)
                  0x000952                  fclose.XX_elo:_closeall
 .libc._Atexit    0x000972         0x18 /opt/microchip/xc16/v1.50/bin/bin/../../lib/liblega-c-elf.a(xatexit.XX_elo)
                  0x000972                  __Atexit
 .libc.free       0x00098a         0x64 /opt/microchip/xc16/v1.50/bin/bin/../../lib/liblega-c-elf.a(free.XX_eo)
                  0x00098a                  _free
 .libc.findmem    0x0009ee         0x66 /opt/microchip/xc16/v1.50/bin/bin/../../lib/liblega-c-elf.a(malloc.XX_eo)
 .libc.malloc     0x000a54         0x54 /opt/microchip/xc16/v1.50/bin/bin/../../lib/liblega-c-elf.a(malloc.XX_eo)
                  0x000a54                  _malloc
 .libc._Getmem    0x000aa8         0x14 /opt/microchip/xc16/v1.50/bin/bin/../../lib/liblega-c-elf.a(xgetmem.XX_eo)
                  0x000aa8                  __Getmem
 .libc.doclose    0x000abc          0x4 /opt/microchip/xc16/v1.50/bin/bin/../../lib/liblega-pic30-elf.a(close.Leo)
 .libc.dowrite    0x000ac0          0x4 /opt/microchip/xc16/v1.50/bin/bin/../../lib/liblega-pic30-elf.a(write.Leo)
 .libc.doremove
                  0x000ac4          0x4 /opt/microchip/xc16/v1.50/bin/bin/../../lib/liblega-pic30-elf.a(remove.Leo)
 .libm.mulsi3     0x000ac8          0xc /opt/microchip/xc16/v1.50/bin/bin/../../lib/libm-elf.a(mulsi3.eo)
                  0x000ac8                  ___mulp32eds3
                  0x000ac8                  ___mulp32peds3
                  0x000ac8                  ___mulsi3

usercode
 *(usercode)

__FBS             0xf80000          0x2
 *(__FBS.sec*)
 __FBS.sec        0xf80000          0x2 /CW/_FBS
                  0xf80000                  __FBS.sec

__FGS             0xf80004          0x2
 *(__FGS.sec*)
 __FGS.sec        0xf80004          0x2 /CW/_FGS¨Y
                  0xf80004                  __FGS.sec

__FOSCSEL
 *(__FOSCSEL.sec*)

__FOSC
 *(__FOSC.sec*)

__FWDT
 *(__FWDT.sec*)

__FPOR
 *(__FPOR.sec*)

__FICD
 *(__FICD.sec*)

__FDS
 *(__FDS.sec*)

.comment          0x000000         0x5e
 *(.comment)
 .comment         0x000000         0x5e /opt/microchip/xc16/v1.50/bin/bin/../../lib/liblega-c-elf.a(xfiles.XX_eo)

.debug_info       0x000000       0x6d93
 *(.debug_info)
 .debug_info      0x000000        0x928 build/default/production/mcc_generated_files/spi1.o
 .debug_info      0x000928        0x31c build/default/production/mcc_generated_files/system.o
 .debug_info      0x000c44        0x244 build/default/production/mcc_generated_files/clock.o
 .debug_info      0x000e88        0x385 build/default/production/mcc_generated_files/traps.o
 .debug_info      0x00120d        0x61c build/default/production/mcc_generated_files/interrupt_manager.o
 .debug_info      0x001829        0x329 build/default/production/mcc_generated_files/pin_manager.o
 .debug_info      0x001b52       0x103a build/default/production/mcc_generated_files/uart1.o
 .debug_info      0x002b8c        0x920 build/default/production/mcc_generated_files/spi2.o
 .debug_info      0x0034ac        0x54b build/default/production/main.o
 .debug_info      0x0039f7       0x107e build/default/production/Intan_RHD2132.o
 .debug_info      0x004a75        0x3e6 build/default/production/Comm.o
 .debug_info      0x004e5b        0xf34 build/default/production/SST26VF016B.o
 .debug_info      0x005d8f        0xb42 build/default/production/Measurement.o
 .debug_info      0x0068d1        0x4c2 build/default/production/SPI_nowait.o
 *(.gnu.linkonce.wi.*)

.debug_abbrev     0x000000       0x101d
 *(.debug_abbrev)
 .debug_abbrev    0x000000        0x158 build/default/production/mcc_generated_files/spi1.o
 .debug_abbrev    0x000158         0xb4 build/default/production/mcc_generated_files/system.o
 .debug_abbrev    0x00020c         0x59 build/default/production/mcc_generated_files/clock.o
 .debug_abbrev    0x000265        0x10d build/default/production/mcc_generated_files/traps.o
 .debug_abbrev    0x000372         0xb4 build/default/production/mcc_generated_files/interrupt_manager.o
 .debug_abbrev    0x000426          0x1 build/default/production/mcc_generated_files/mcc.o
 .debug_abbrev    0x000427         0x6a build/default/production/mcc_generated_files/pin_manager.o
 .debug_abbrev    0x000491        0x21c build/default/production/mcc_generated_files/uart1.o
 .debug_abbrev    0x0006ad        0x158 build/default/production/mcc_generated_files/spi2.o
 .debug_abbrev    0x000805         0xb6 build/default/production/main.o
 .debug_abbrev    0x0008bb        0x1e7 build/default/production/Intan_RHD2132.o
 .debug_abbrev    0x000aa2         0xff build/default/production/Comm.o
 .debug_abbrev    0x000ba1        0x221 build/default/production/SST26VF016B.o
 .debug_abbrev    0x000dc2        0x138 build/default/production/Measurement.o
 .debug_abbrev    0x000efa        0x123 build/default/production/SPI_nowait.o

.debug_line       0x000000       0x1429
 *(.debug_line)
 .debug_line      0x000000        0x155 build/default/production/mcc_generated_files/spi1.o
 .debug_line      0x000155        0x10a build/default/production/mcc_generated_files/system.o
 .debug_line      0x00025f        0x10b build/default/production/mcc_generated_files/clock.o
 .debug_line      0x00036a        0x135 build/default/production/mcc_generated_files/traps.o
 .debug_line      0x00049f        0x111 build/default/production/mcc_generated_files/interrupt_manager.o
 .debug_line      0x0005b0         0x1a build/default/production/mcc_generated_files/mcc.o
 .debug_line      0x0005ca        0x116 build/default/production/mcc_generated_files/pin_manager.o
 .debug_line      0x0006e0        0x1f0 build/default/production/mcc_generated_files/uart1.o
 .debug_line      0x0008d0        0x154 build/default/production/mcc_generated_files/spi2.o
 .debug_line      0x000a24         0xfa build/default/production/main.o
 .debug_line      0x000b1e        0x260 build/default/production/Intan_RHD2132.o
 .debug_line      0x000d7e        0x14d build/default/production/Comm.o
 .debug_line      0x000ecb        0x2a9 build/default/production/SST26VF016B.o
 .debug_line      0x001174        0x1a6 build/default/production/Measurement.o
 .debug_line      0x00131a        0x10f build/default/production/SPI_nowait.o

.debug_frame      0x000000        0xc54
 *(.debug_frame)
 .debug_frame     0x000000         0xca build/default/production/mcc_generated_files/spi1.o
 .debug_frame     0x0000ca         0x2e build/default/production/mcc_generated_files/system.o
 .debug_frame     0x0000f8         0x2e build/default/production/mcc_generated_files/clock.o
 .debug_frame     0x000126        0x140 build/default/production/mcc_generated_files/traps.o
 .debug_frame     0x000266         0x2e build/default/production/mcc_generated_files/interrupt_manager.o
 .debug_frame     0x000294         0x2e build/default/production/mcc_generated_files/pin_manager.o
 .debug_frame     0x0002c2        0x30a build/default/production/mcc_generated_files/uart1.o
 .debug_frame     0x0005cc         0xca build/default/production/mcc_generated_files/spi2.o
 .debug_frame     0x000696         0x2e build/default/production/main.o
 .debug_frame     0x0006c4        0x1a2 build/default/production/Intan_RHD2132.o
 .debug_frame     0x000866         0x62 build/default/production/Comm.o
 .debug_frame     0x0008c8        0x29e build/default/production/SST26VF016B.o
 .debug_frame     0x000b66         0x72 build/default/production/Measurement.o
 .debug_frame     0x000bd8         0x7c build/default/production/SPI_nowait.o

.debug_str        0x000000        0x377
 *(.debug_str)
 .debug_str       0x000000         0x5a build/default/production/mcc_generated_files/spi1.o
 .debug_str       0x00005a          0xc build/default/production/mcc_generated_files/system.o
 .debug_str       0x000066          0xc build/default/production/mcc_generated_files/traps.o
 .debug_str       0x000072         0x1c build/default/production/mcc_generated_files/interrupt_manager.o
 .debug_str       0x00008e         0xac build/default/production/mcc_generated_files/uart1.o
 .debug_str       0x00013a         0x5a build/default/production/mcc_generated_files/spi2.o
 .debug_str       0x000194         0x1e build/default/production/main.o
 .debug_str       0x0001b2         0x95 build/default/production/Intan_RHD2132.o
 .debug_str       0x000247          0xc build/default/production/Comm.o
 .debug_str       0x000253         0xac build/default/production/SST26VF016B.o
 .debug_str       0x0002ff         0x4e build/default/production/Measurement.o
 .debug_str       0x00034d         0x2a build/default/production/SPI_nowait.o

.debug_loc
 *(.debug_loc)

.debug_macinfo
 *(.debug_macinfo)

.debug_pubnames
                  0x000000        0xa6f
 *(.debug_pubnames)
 .debug_pubnames
                  0x000000         0xb0 build/default/production/mcc_generated_files/spi1.o
 .debug_pubnames
                  0x0000b0         0x28 build/default/production/mcc_generated_files/system.o
 .debug_pubnames
                  0x0000d8         0x27 build/default/production/mcc_generated_files/clock.o
 .debug_pubnames
                  0x0000ff         0x6f build/default/production/mcc_generated_files/traps.o
 .debug_pubnames
                  0x00016e         0x2b build/default/production/mcc_generated_files/interrupt_manager.o
 .debug_pubnames
                  0x000199         0x2d build/default/production/mcc_generated_files/pin_manager.o
 .debug_pubnames
                  0x0001c6        0x284 build/default/production/mcc_generated_files/uart1.o
 .debug_pubnames
                  0x00044a         0xae build/default/production/mcc_generated_files/spi2.o
 .debug_pubnames
                  0x0004f8         0x1b build/default/production/main.o
 .debug_pubnames
                  0x000513        0x1cb build/default/production/Intan_RHD2132.o
 .debug_pubnames
                  0x0006de         0x49 build/default/production/Comm.o
 .debug_pubnames
                  0x000727        0x25b build/default/production/SST26VF016B.o
 .debug_pubnames
                  0x000982         0x44 build/default/production/Measurement.o
 .debug_pubnames
                  0x0009c6         0xa9 build/default/production/SPI_nowait.o

.debug_ranges
 *(.debug_ranges)

.debug_aranges    0x000000        0x150
 *(.debug_aranges)
 .debug_aranges
                  0x000000         0x18 build/default/production/mcc_generated_files/spi1.o
 .debug_aranges
                  0x000018         0x18 build/default/production/mcc_generated_files/system.o
 .debug_aranges
                  0x000030         0x18 build/default/production/mcc_generated_files/clock.o
 .debug_aranges
                  0x000048         0x18 build/default/production/mcc_generated_files/traps.o
 .debug_aranges
                  0x000060         0x18 build/default/production/mcc_generated_files/interrupt_manager.o
 .debug_aranges
                  0x000078         0x18 build/default/production/mcc_generated_files/pin_manager.o
 .debug_aranges
                  0x000090         0x18 build/default/production/mcc_generated_files/uart1.o
 .debug_aranges
                  0x0000a8         0x18 build/default/production/mcc_generated_files/spi2.o
 .debug_aranges
                  0x0000c0         0x18 build/default/production/main.o
 .debug_aranges
                  0x0000d8         0x18 build/default/production/Intan_RHD2132.o
 .debug_aranges
                  0x0000f0         0x18 build/default/production/Comm.o
 .debug_aranges
                  0x000108         0x18 build/default/production/SST26VF016B.o
 .debug_aranges
                  0x000120         0x18 build/default/production/Measurement.o
 .debug_aranges
                  0x000138         0x18 build/default/production/SPI_nowait.o
                    0x0000                  WREG0 = 0x0
                    0x0000                  _WREG0 = 0x0
                    0x0002                  WREG1 = 0x2
                    0x0002                  _WREG1 = 0x2
                    0x0004                  WREG2 = 0x4
                    0x0004                  _WREG2 = 0x4
                    0x0006                  WREG3 = 0x6
                    0x0006                  _WREG3 = 0x6
                    0x0008                  WREG4 = 0x8
                    0x0008                  _WREG4 = 0x8
                    0x000a                  WREG5 = 0xa
                    0x000a                  _WREG5 = 0xa
                    0x000c                  WREG6 = 0xc
                    0x000c                  _WREG6 = 0xc
                    0x000e                  WREG7 = 0xe
                    0x000e                  _WREG7 = 0xe
                    0x0010                  WREG8 = 0x10
                    0x0010                  _WREG8 = 0x10
                    0x0012                  WREG9 = 0x12
                    0x0012                  _WREG9 = 0x12
                    0x0014                  WREG10 = 0x14
                    0x0014                  _WREG10 = 0x14
                    0x0016                  WREG11 = 0x16
                    0x0016                  _WREG11 = 0x16
                    0x0018                  WREG12 = 0x18
                    0x0018                  _WREG12 = 0x18
                    0x001a                  WREG13 = 0x1a
                    0x001a                  _WREG13 = 0x1a
                    0x001c                  WREG14 = 0x1c
                    0x001c                  _WREG14 = 0x1c
                    0x001e                  WREG15 = 0x1e
                    0x001e                  _WREG15 = 0x1e
                    0x0020                  SPLIM = 0x20
                    0x0020                  _SPLIM = 0x20
                    0x002e                  PCL = 0x2e
                    0x002e                  _PCL = 0x2e
                    0x0030                  PCH = 0x30
                    0x0030                  _PCH = 0x30
                    0x0032                  TBLPAG = 0x32
                    0x0032                  _TBLPAG = 0x32
                    0x0034                  PSVPAG = 0x34
                    0x0034                  _PSVPAG = 0x34
                    0x0036                  RCOUNT = 0x36
                    0x0036                  _RCOUNT = 0x36
                    0x0036                  _RCOUNTbits = 0x36
                    0x0042                  SR = 0x42
                    0x0042                  _SR = 0x42
                    0x0042                  _SRbits = 0x42
                    0x0044                  CORCON = 0x44
                    0x0044                  _CORCON = 0x44
                    0x0044                  _CORCONbits = 0x44
                    0x0052                  DISICNT = 0x52
                    0x0052                  _DISICNT = 0x52
                    0x0056                  CNPD1 = 0x56
                    0x0056                  _CNPD1 = 0x56
                    0x0056                  _CNPD1bits = 0x56
                    0x0058                  CNPD2 = 0x58
                    0x0058                  _CNPD2 = 0x58
                    0x0058                  _CNPD2bits = 0x58
                    0x005a                  CNPD3 = 0x5a
                    0x005a                  _CNPD3 = 0x5a
                    0x0062                  CNEN1 = 0x62
                    0x0062                  _CNEN1 = 0x62
                    0x0062                  _CNEN1bits = 0x62
                    0x0064                  CNEN2 = 0x64
                    0x0064                  _CNEN2 = 0x64
                    0x0064                  _CNEN2bits = 0x64
                    0x0066                  CNEN3 = 0x66
                    0x0066                  _CNEN3 = 0x66
                    0x006e                  CNPU1 = 0x6e
                    0x006e                  _CNPU1 = 0x6e
                    0x006e                  _CNPU1bits = 0x6e
                    0x0070                  CNPU2 = 0x70
                    0x0070                  _CNPU2 = 0x70
                    0x0070                  _CNPU2bits = 0x70
                    0x0072                  CNPU3 = 0x72
                    0x0072                  _CNPU3 = 0x72
                    0x0080                  INTCON1 = 0x80
                    0x0080                  _INTCON1 = 0x80
                    0x0080                  _INTCON1bits = 0x80
                    0x0082                  INTCON2 = 0x82
                    0x0082                  _INTCON2 = 0x82
                    0x0082                  _INTCON2bits = 0x82
                    0x0084                  IFS0 = 0x84
                    0x0084                  _IFS0 = 0x84
                    0x0084                  _IFS0bits = 0x84
                    0x0086                  IFS1 = 0x86
                    0x0086                  _IFS1 = 0x86
                    0x0086                  _IFS1bits = 0x86
                    0x0088                  IFS2 = 0x88
                    0x0088                  _IFS2 = 0x88
                    0x0088                  _IFS2bits = 0x88
                    0x008a                  IFS3 = 0x8a
                    0x008a                  _IFS3 = 0x8a
                    0x008a                  _IFS3bits = 0x8a
                    0x008c                  IFS4 = 0x8c
                    0x008c                  _IFS4 = 0x8c
                    0x008c                  _IFS4bits = 0x8c
                    0x008e                  IFS5 = 0x8e
                    0x008e                  _IFS5 = 0x8e
                    0x008e                  _IFS5bits = 0x8e
                    0x0094                  IEC0 = 0x94
                    0x0094                  _IEC0 = 0x94
                    0x0094                  _IEC0bits = 0x94
                    0x0096                  IEC1 = 0x96
                    0x0096                  _IEC1 = 0x96
                    0x0096                  _IEC1bits = 0x96
                    0x0098                  IEC2 = 0x98
                    0x0098                  _IEC2 = 0x98
                    0x0098                  _IEC2bits = 0x98
                    0x009a                  IEC3 = 0x9a
                    0x009a                  _IEC3 = 0x9a
                    0x009a                  _IEC3bits = 0x9a
                    0x009c                  IEC4 = 0x9c
                    0x009c                  _IEC4 = 0x9c
                    0x009c                  _IEC4bits = 0x9c
                    0x009e                  IEC5 = 0x9e
                    0x009e                  _IEC5 = 0x9e
                    0x009e                  _IEC5bits = 0x9e
                    0x00a4                  IPC0 = 0xa4
                    0x00a4                  _IPC0 = 0xa4
                    0x00a4                  _IPC0bits = 0xa4
                    0x00a6                  IPC1 = 0xa6
                    0x00a6                  _IPC1 = 0xa6
                    0x00a6                  _IPC1bits = 0xa6
                    0x00a8                  IPC2 = 0xa8
                    0x00a8                  _IPC2 = 0xa8
                    0x00a8                  _IPC2bits = 0xa8
                    0x00aa                  IPC3 = 0xaa
                    0x00aa                  _IPC3 = 0xaa
                    0x00aa                  _IPC3bits = 0xaa
                    0x00ac                  IPC4 = 0xac
                    0x00ac                  _IPC4 = 0xac
                    0x00ac                  _IPC4bits = 0xac
                    0x00ae                  IPC5 = 0xae
                    0x00ae                  _IPC5 = 0xae
                    0x00ae                  _IPC5bits = 0xae
                    0x00b0                  IPC6 = 0xb0
                    0x00b0                  _IPC6 = 0xb0
                    0x00b0                  _IPC6bits = 0xb0
                    0x00b2                  IPC7 = 0xb2
                    0x00b2                  _IPC7 = 0xb2
                    0x00b2                  _IPC7bits = 0xb2
                    0x00b4                  IPC8 = 0xb4
                    0x00b4                  _IPC8 = 0xb4
                    0x00b4                  _IPC8bits = 0xb4
                    0x00b6                  IPC9 = 0xb6
                    0x00b6                  _IPC9 = 0xb6
                    0x00b6                  _IPC9bits = 0xb6
                    0x00bc                  IPC12 = 0xbc
                    0x00bc                  _IPC12 = 0xbc
                    0x00bc                  _IPC12bits = 0xbc
                    0x00c2                  IPC15 = 0xc2
                    0x00c2                  _IPC15 = 0xc2
                    0x00c2                  _IPC15bits = 0xc2
                    0x00c4                  IPC16 = 0xc4
                    0x00c4                  _IPC16 = 0xc4
                    0x00c4                  _IPC16bits = 0xc4
                    0x00c8                  IPC18 = 0xc8
                    0x00c8                  _IPC18 = 0xc8
                    0x00c8                  _IPC18bits = 0xc8
                    0x00ca                  IPC19 = 0xca
                    0x00ca                  _IPC19 = 0xca
                    0x00ca                  _IPC19bits = 0xca
                    0x00cc                  IPC20 = 0xcc
                    0x00cc                  _IPC20 = 0xcc
                    0x00cc                  _IPC20bits = 0xcc
                    0x00e0                  INTTREG = 0xe0
                    0x00e0                  _INTTREG = 0xe0
                    0x00e0                  _INTTREGbits = 0xe0
                    0x0100                  TMR1 = 0x100
                    0x0100                  _TMR1 = 0x100
                    0x0102                  PR1 = 0x102
                    0x0102                  _PR1 = 0x102
                    0x0104                  T1CON = 0x104
                    0x0104                  _T1CON = 0x104
                    0x0104                  _T1CONbits = 0x104
                    0x0106                  TMR2 = 0x106
                    0x0106                  _TMR2 = 0x106
                    0x0108                  TMR3HLD = 0x108
                    0x0108                  _TMR3HLD = 0x108
                    0x010a                  TMR3 = 0x10a
                    0x010a                  _TMR3 = 0x10a
                    0x010c                  PR2 = 0x10c
                    0x010c                  _PR2 = 0x10c
                    0x010e                  PR3 = 0x10e
                    0x010e                  _PR3 = 0x10e
                    0x0110                  T2CON = 0x110
                    0x0110                  _T2CON = 0x110
                    0x0110                  _T2CONbits = 0x110
                    0x0112                  T3CON = 0x112
                    0x0112                  _T3CON = 0x112
                    0x0112                  _T3CONbits = 0x112
                    0x0114                  TMR4 = 0x114
                    0x0114                  _TMR4 = 0x114
                    0x0116                  TMR5HLD = 0x116
                    0x0116                  _TMR5HLD = 0x116
                    0x0118                  TMR5 = 0x118
                    0x0118                  _TMR5 = 0x118
                    0x011a                  PR4 = 0x11a
                    0x011a                  _PR4 = 0x11a
                    0x011c                  PR5 = 0x11c
                    0x011c                  _PR5 = 0x11c
                    0x011e                  T4CON = 0x11e
                    0x011e                  _T4CON = 0x11e
                    0x011e                  _T4CONbits = 0x11e
                    0x0120                  T5CON = 0x120
                    0x0120                  _T5CON = 0x120
                    0x0120                  _T5CONbits = 0x120
                    0x0140                  IC1CON1 = 0x140
                    0x0140                  _IC1CON1 = 0x140
                    0x0140                  _IC1CON1bits = 0x140
                    0x0142                  IC1CON2 = 0x142
                    0x0142                  _IC1CON2 = 0x142
                    0x0142                  _IC1CON2bits = 0x142
                    0x0144                  IC1BUF = 0x144
                    0x0144                  _IC1BUF = 0x144
                    0x0146                  IC1TMR = 0x146
                    0x0146                  _IC1TMR = 0x146
                    0x0148                  IC2CON1 = 0x148
                    0x0148                  _IC2CON1 = 0x148
                    0x0148                  _IC2CON1bits = 0x148
                    0x014a                  IC2CON2 = 0x14a
                    0x014a                  _IC2CON2 = 0x14a
                    0x014a                  _IC2CON2bits = 0x14a
                    0x014c                  IC2BUF = 0x14c
                    0x014c                  _IC2BUF = 0x14c
                    0x014e                  IC2TMR = 0x14e
                    0x014e                  _IC2TMR = 0x14e
                    0x0150                  IC3CON1 = 0x150
                    0x0150                  _IC3CON1 = 0x150
                    0x0150                  _IC3CON1bits = 0x150
                    0x0152                  IC3CON2 = 0x152
                    0x0152                  _IC3CON2 = 0x152
                    0x0152                  _IC3CON2bits = 0x152
                    0x0154                  IC3BUF = 0x154
                    0x0154                  _IC3BUF = 0x154
                    0x0156                  IC3TMR = 0x156
                    0x0156                  _IC3TMR = 0x156
                    0x0190                  OC1CON1 = 0x190
                    0x0190                  _OC1CON1 = 0x190
                    0x0190                  _OC1CON1bits = 0x190
                    0x0192                  OC1CON2 = 0x192
                    0x0192                  _OC1CON2 = 0x192
                    0x0192                  _OC1CON2bits = 0x192
                    0x0194                  OC1RS = 0x194
                    0x0194                  _OC1RS = 0x194
                    0x0196                  OC1R = 0x196
                    0x0196                  _OC1R = 0x196
                    0x0198                  OC1TMR = 0x198
                    0x0198                  _OC1TMR = 0x198
                    0x019a                  OC2CON1 = 0x19a
                    0x019a                  _OC2CON1 = 0x19a
                    0x019a                  _OC2CON1bits = 0x19a
                    0x019c                  OC2CON2 = 0x19c
                    0x019c                  _OC2CON2 = 0x19c
                    0x019c                  _OC2CON2bits = 0x19c
                    0x019e                  OC2RS = 0x19e
                    0x019e                  _OC2RS = 0x19e
                    0x01a0                  OC2R = 0x1a0
                    0x01a0                  _OC2R = 0x1a0
                    0x01a2                  OC2TMR = 0x1a2
                    0x01a2                  _OC2TMR = 0x1a2
                    0x01a4                  OC3CON1 = 0x1a4
                    0x01a4                  _OC3CON1 = 0x1a4
                    0x01a4                  _OC3CON1bits = 0x1a4
                    0x01a6                  OC3CON2 = 0x1a6
                    0x01a6                  _OC3CON2 = 0x1a6
                    0x01a6                  _OC3CON2bits = 0x1a6
                    0x01a8                  OC3RS = 0x1a8
                    0x01a8                  _OC3RS = 0x1a8
                    0x01aa                  OC3R = 0x1aa
                    0x01aa                  _OC3R = 0x1aa
                    0x01ac                  OC3TMR = 0x1ac
                    0x01ac                  _OC3TMR = 0x1ac
                    0x0200                  I2C1RCV = 0x200
                    0x0200                  _I2C1RCV = 0x200
                    0x0202                  I2C1TRN = 0x202
                    0x0202                  _I2C1TRN = 0x202
                    0x0204                  I2C1BRG = 0x204
                    0x0204                  _I2C1BRG = 0x204
                    0x0206                  I2C1CON = 0x206
                    0x0206                  _I2C1CON = 0x206
                    0x0206                  _I2C1CONbits = 0x206
                    0x0208                  I2C1STAT = 0x208
                    0x0208                  _I2C1STAT = 0x208
                    0x0208                  _I2C1STATbits = 0x208
                    0x020a                  I2C1ADD = 0x20a
                    0x020a                  _I2C1ADD = 0x20a
                    0x020c                  I2C1MSK = 0x20c
                    0x020c                  _I2C1MSK = 0x20c
                    0x0210                  I2C2RCV = 0x210
                    0x0210                  _I2C2RCV = 0x210
                    0x0212                  I2C2TRN = 0x212
                    0x0212                  _I2C2TRN = 0x212
                    0x0214                  I2C2BRG = 0x214
                    0x0214                  _I2C2BRG = 0x214
                    0x0216                  I2C2CON = 0x216
                    0x0216                  _I2C2CON = 0x216
                    0x0216                  _I2C2CONbits = 0x216
                    0x0218                  I2C2STAT = 0x218
                    0x0218                  _I2C2STAT = 0x218
                    0x0218                  _I2C2STATbits = 0x218
                    0x021a                  I2C2ADD = 0x21a
                    0x021a                  _I2C2ADD = 0x21a
                    0x021c                  I2C2MSK = 0x21c
                    0x021c                  _I2C2MSK = 0x21c
                    0x0220                  U1MODE = 0x220
                    0x0220                  _U1MODE = 0x220
                    0x0220                  _U1MODEbits = 0x220
                    0x0222                  U1STA = 0x222
                    0x0222                  _U1STA = 0x222
                    0x0222                  _U1STAbits = 0x222
                    0x0224                  U1TXREG = 0x224
                    0x0224                  _U1TXREG = 0x224
                    0x0224                  _U1TXREGbits = 0x224
                    0x0226                  U1RXREG = 0x226
                    0x0226                  _U1RXREG = 0x226
                    0x0226                  _U1RXREGbits = 0x226
                    0x0228                  U1BRG = 0x228
                    0x0228                  _U1BRG = 0x228
                    0x0230                  U2MODE = 0x230
                    0x0230                  _U2MODE = 0x230
                    0x0230                  _U2MODEbits = 0x230
                    0x0232                  U2STA = 0x232
                    0x0232                  _U2STA = 0x232
                    0x0232                  _U2STAbits = 0x232
                    0x0234                  U2TXREG = 0x234
                    0x0234                  _U2TXREG = 0x234
                    0x0234                  _U2TXREGbits = 0x234
                    0x0236                  U2RXREG = 0x236
                    0x0236                  _U2RXREG = 0x236
                    0x0236                  _U2RXREGbits = 0x236
                    0x0238                  U2BRG = 0x238
                    0x0238                  _U2BRG = 0x238
                    0x0240                  SPI1STAT = 0x240
                    0x0240                  _SPI1STAT = 0x240
                    0x0240                  _SPI1STATbits = 0x240
                    0x0242                  SPI1CON1 = 0x242
                    0x0242                  _SPI1CON1 = 0x242
                    0x0242                  _SPI1CON1bits = 0x242
                    0x0244                  SPI1CON2 = 0x244
                    0x0244                  _SPI1CON2 = 0x244
                    0x0244                  _SPI1CON2bits = 0x244
                    0x0248                  SPI1BUF = 0x248
                    0x0248                  _SPI1BUF = 0x248
                    0x0260                  SPI2STAT = 0x260
                    0x0260                  _SPI2STAT = 0x260
                    0x0260                  _SPI2STATbits = 0x260
                    0x0262                  SPI2CON1 = 0x262
                    0x0262                  _SPI2CON1 = 0x262
                    0x0262                  _SPI2CON1bits = 0x262
                    0x0264                  SPI2CON2 = 0x264
                    0x0264                  _SPI2CON2 = 0x264
                    0x0264                  _SPI2CON2bits = 0x264
                    0x0268                  SPI2BUF = 0x268
                    0x0268                  _SPI2BUF = 0x268
                    0x02c0                  TRISA = 0x2c0
                    0x02c0                  _TRISA = 0x2c0
                    0x02c0                  _TRISAbits = 0x2c0
                    0x02c2                  PORTA = 0x2c2
                    0x02c2                  _PORTA = 0x2c2
                    0x02c2                  _PORTAbits = 0x2c2
                    0x02c4                  LATA = 0x2c4
                    0x02c4                  _LATA = 0x2c4
                    0x02c4                  _LATAbits = 0x2c4
                    0x02c6                  ODCA = 0x2c6
                    0x02c6                  _ODCA = 0x2c6
                    0x02c6                  _ODCAbits = 0x2c6
                    0x02c8                  TRISB = 0x2c8
                    0x02c8                  _TRISB = 0x2c8
                    0x02c8                  _TRISBbits = 0x2c8
                    0x02ca                  PORTB = 0x2ca
                    0x02ca                  _PORTB = 0x2ca
                    0x02ca                  _PORTBbits = 0x2ca
                    0x02cc                  LATB = 0x2cc
                    0x02cc                  _LATB = 0x2cc
                    0x02cc                  _LATBbits = 0x2cc
                    0x02ce                  ODCB = 0x2ce
                    0x02ce                  _ODCB = 0x2ce
                    0x02ce                  _ODCBbits = 0x2ce
                    0x02fc                  PADCFG1 = 0x2fc
                    0x02fc                  _PADCFG1 = 0x2fc
                    0x02fc                  _PADCFG1bits = 0x2fc
                    0x0300                  ADC1BUF0 = 0x300
                    0x0300                  _ADC1BUF0 = 0x300
                    0x0302                  ADC1BUF1 = 0x302
                    0x0302                  _ADC1BUF1 = 0x302
                    0x0304                  ADC1BUF2 = 0x304
                    0x0304                  _ADC1BUF2 = 0x304
                    0x0306                  ADC1BUF3 = 0x306
                    0x0306                  _ADC1BUF3 = 0x306
                    0x0308                  ADC1BUF4 = 0x308
                    0x0308                  _ADC1BUF4 = 0x308
                    0x030a                  ADC1BUF5 = 0x30a
                    0x030a                  _ADC1BUF5 = 0x30a
                    0x030c                  ADC1BUF6 = 0x30c
                    0x030c                  _ADC1BUF6 = 0x30c
                    0x030e                  ADC1BUF7 = 0x30e
                    0x030e                  _ADC1BUF7 = 0x30e
                    0x0310                  ADC1BUF8 = 0x310
                    0x0310                  _ADC1BUF8 = 0x310
                    0x0312                  ADC1BUF9 = 0x312
                    0x0312                  _ADC1BUF9 = 0x312
                    0x0314                  ADC1BUF10 = 0x314
                    0x0314                  _ADC1BUF10 = 0x314
                    0x0316                  ADC1BUF11 = 0x316
                    0x0316                  _ADC1BUF11 = 0x316
                    0x0318                  ADC1BUF12 = 0x318
                    0x0318                  _ADC1BUF12 = 0x318
                    0x031a                  ADC1BUF13 = 0x31a
                    0x031a                  _ADC1BUF13 = 0x31a
                    0x031c                  ADC1BUF14 = 0x31c
                    0x031c                  _ADC1BUF14 = 0x31c
                    0x031e                  ADC1BUF15 = 0x31e
                    0x031e                  _ADC1BUF15 = 0x31e
                    0x0320                  ADC1BUF16 = 0x320
                    0x0320                  _ADC1BUF16 = 0x320
                    0x0322                  ADC1BUF17 = 0x322
                    0x0322                  _ADC1BUF17 = 0x322
                    0x0340                  AD1CON1 = 0x340
                    0x0340                  _AD1CON1 = 0x340
                    0x0340                  _AD1CON1bits = 0x340
                    0x0342                  AD1CON2 = 0x342
                    0x0342                  _AD1CON2 = 0x342
                    0x0342                  _AD1CON2bits = 0x342
                    0x0344                  AD1CON3 = 0x344
                    0x0344                  _AD1CON3 = 0x344
                    0x0344                  _AD1CON3bits = 0x344
                    0x0348                  AD1CHS = 0x348
                    0x0348                  _AD1CHS = 0x348
                    0x0348                  _AD1CHSbits = 0x348
                    0x034e                  AD1CSSH = 0x34e
                    0x034e                  _AD1CSSH = 0x34e
                    0x034e                  _AD1CSSHbits = 0x34e
                    0x0350                  AD1CSSL = 0x350
                    0x0350                  _AD1CSSL = 0x350
                    0x0350                  _AD1CSSLbits = 0x350
                    0x0354                  AD1CON5 = 0x354
                    0x0354                  _AD1CON5 = 0x354
                    0x0354                  _AD1CON5bits = 0x354
                    0x0356                  AD1CHITH = 0x356
                    0x0356                  _AD1CHITH = 0x356
                    0x0356                  _AD1CHITHbits = 0x356
                    0x0358                  AD1CHITL = 0x358
                    0x0358                  _AD1CHITL = 0x358
                    0x0358                  _AD1CHITLbits = 0x358
                    0x035a                  CTMUCON1 = 0x35a
                    0x035a                  _CTMUCON1 = 0x35a
                    0x035a                  _CTMUCON1bits = 0x35a
                    0x035c                  CTMUCON2 = 0x35c
                    0x035c                  _CTMUCON2 = 0x35c
                    0x035c                  _CTMUCON2bits = 0x35c
                    0x035e                  CTMUICON = 0x35e
                    0x035e                  _CTMUICON = 0x35e
                    0x035e                  _CTMUICONbits = 0x35e
                    0x0360                  AD1CTMUENH = 0x360
                    0x0360                  _AD1CTMUENH = 0x360
                    0x0360                  _AD1CTMUENHbits = 0x360
                    0x0362                  AD1CTMUENL = 0x362
                    0x0362                  _AD1CTMUENL = 0x362
                    0x0362                  _AD1CTMUENLbits = 0x362
                    0x04e0                  ANSA = 0x4e0
                    0x04e0                  _ANSA = 0x4e0
                    0x04e0                  _ANSAbits = 0x4e0
                    0x04e0                  ANSELA = 0x4e0
                    0x04e0                  _ANSELA = 0x4e0
                    0x04e0                  _ANSELAbits = 0x4e0
                    0x04e2                  ANSB = 0x4e2
                    0x04e2                  _ANSB = 0x4e2
                    0x04e2                  _ANSBbits = 0x4e2
                    0x04e2                  ANSELB = 0x4e2
                    0x04e2                  _ANSELB = 0x4e2
                    0x04e2                  _ANSELBbits = 0x4e2
                    0x0620                  ALRMVAL = 0x620
                    0x0620                  _ALRMVAL = 0x620
                    0x0622                  ALCFGRPT = 0x622
                    0x0622                  _ALCFGRPT = 0x622
                    0x0622                  _ALCFGRPTbits = 0x622
                    0x0624                  RTCVAL = 0x624
                    0x0624                  _RTCVAL = 0x624
                    0x0626                  RCFGCAL = 0x626
                    0x0626                  _RCFGCAL = 0x626
                    0x0626                  _RCFGCALbits = 0x626
                    0x0628                  RTCPWC = 0x628
                    0x0628                  _RTCPWC = 0x628
                    0x0628                  _RTCPWCbits = 0x628
                    0x0630                  CMSTAT = 0x630
                    0x0630                  _CMSTAT = 0x630
                    0x0630                  _CMSTATbits = 0x630
                    0x0632                  CVRCON = 0x632
                    0x0632                  _CVRCON = 0x632
                    0x0632                  _CVRCONbits = 0x632
                    0x0634                  CM1CON = 0x634
                    0x0634                  _CM1CON = 0x634
                    0x0634                  _CM1CONbits = 0x634
                    0x0636                  CM2CON = 0x636
                    0x0636                  _CM2CON = 0x636
                    0x0636                  _CM2CONbits = 0x636
                    0x0638                  CM3CON = 0x638
                    0x0638                  _CM3CON = 0x638
                    0x0638                  _CM3CONbits = 0x638
                    0x0640                  CRCCON1 = 0x640
                    0x0640                  _CRCCON1 = 0x640
                    0x0640                  _CRCCON1bits = 0x640
                    0x0642                  CRCCON2 = 0x642
                    0x0642                  _CRCCON2 = 0x642
                    0x0642                  _CRCCON2bits = 0x642
                    0x0644                  CRCXOR = 0x644
                    0x0644                  _CRCXOR = 0x644
                    0x0644                  _CRCXORbits = 0x644
                    0x0644                  CRCXORL = 0x644
                    0x0644                  _CRCXORL = 0x644
                    0x0644                  _CRCXORLbits = 0x644
                    0x0646                  CRCXORH = 0x646
                    0x0646                  _CRCXORH = 0x646
                    0x0646                  _CRCXORHbits = 0x646
                    0x0648                  CRCDAT = 0x648
                    0x0648                  _CRCDAT = 0x648
                    0x0648                  CRCDAT32 = 0x648
                    0x0648                  _CRCDAT32 = 0x648
                    0x0648                  CRCDAT8 = 0x648
                    0x0648                  _CRCDAT8 = 0x648
                    0x0648                  CRCDATL = 0x648
                    0x0648                  _CRCDATL = 0x648
                    0x064a                  CRCDATH = 0x64a
                    0x064a                  _CRCDATH = 0x64a
                    0x064c                  CRCWDAT = 0x64c
                    0x064c                  _CRCWDAT = 0x64c
                    0x064c                  CRCWDATL = 0x64c
                    0x064c                  _CRCWDATL = 0x64c
                    0x064e                  CRCWDATH = 0x64e
                    0x064e                  _CRCWDATH = 0x64e
                    0x0740                  RCON = 0x740
                    0x0740                  _RCON = 0x740
                    0x0740                  _RCONbits = 0x740
                    0x0742                  OSCCON = 0x742
                    0x0742                  _OSCCON = 0x742
                    0x0742                  _OSCCONbits = 0x742
                    0x0742                  OSCCONL = 0x742
                    0x0742                  _OSCCONL = 0x742
                    0x0743                  OSCCONH = 0x743
                    0x0743                  _OSCCONH = 0x743
                    0x0744                  CLKDIV = 0x744
                    0x0744                  _CLKDIV = 0x744
                    0x0744                  _CLKDIVbits = 0x744
                    0x0748                  OSCTUN = 0x748
                    0x0748                  _OSCTUN = 0x748
                    0x0748                  _OSCTUNbits = 0x748
                    0x074e                  REFOCON = 0x74e
                    0x074e                  _REFOCON = 0x74e
                    0x074e                  _REFOCONbits = 0x74e
                    0x0756                  HLVDCON = 0x756
                    0x0756                  _HLVDCON = 0x756
                    0x0756                  _HLVDCONbits = 0x756
                    0x0758                  DSCON = 0x758
                    0x0758                  _DSCON = 0x758
                    0x0758                  _DSCONbits = 0x758
                    0x075a                  DSWAKE = 0x75a
                    0x075a                  _DSWAKE = 0x75a
                    0x075a                  _DSWAKEbits = 0x75a
                    0x075a                  DSWSRC = 0x75a
                    0x075a                  _DSWSRC = 0x75a
                    0x075a                  _DSWSRCbits = 0x75a
                    0x075c                  DSGPR0 = 0x75c
                    0x075c                  _DSGPR0 = 0x75c
                    0x075e                  DSGPR1 = 0x75e
                    0x075e                  _DSGPR1 = 0x75e
                    0x0760                  NVMCON = 0x760
                    0x0760                  _NVMCON = 0x760
                    0x0760                  _NVMCONbits = 0x760
                    0x0766                  NVMKEY = 0x766
                    0x0766                  _NVMKEY = 0x766
                    0x0766                  _NVMKEYbits = 0x766
                    0x0768                  ULPWCON = 0x768
                    0x0768                  _ULPWCON = 0x768
                    0x0768                  _ULPWCONbits = 0x768
                    0x0770                  PMD1 = 0x770
                    0x0770                  _PMD1 = 0x770
                    0x0770                  _PMD1bits = 0x770
                    0x0772                  PMD2 = 0x772
                    0x0772                  _PMD2 = 0x772
                    0x0772                  _PMD2bits = 0x772
                    0x0774                  PMD3 = 0x774
                    0x0774                  _PMD3 = 0x774
                    0x0774                  _PMD3bits = 0x774
                    0x0776                  PMD4 = 0x776
                    0x0776                  _PMD4 = 0x776
                    0x0776                  _PMD4bits = 0x776
                    0x0144                  IC1 = 0x144
                    0x0144                  _IC1 = 0x144
                    0x014c                  IC2 = 0x14c
                    0x014c                  _IC2 = 0x14c
                    0x0154                  IC3 = 0x154
                    0x0154                  _IC3 = 0x154
                    0x0194                  OC1 = 0x194
                    0x0194                  _OC1 = 0x194
                    0x019e                  OC2 = 0x19e
                    0x019e                  _OC2 = 0x19e
                    0x01a8                  OC3 = 0x1a8
                    0x01a8                  _OC3 = 0x1a8
                    0x0240                  SPI1 = 0x240
                    0x0240                  _SPI1 = 0x240
                    0x0260                  SPI2 = 0x260
                    0x0260                  _SPI2 = 0x260
                    0x0220                  UART1 = 0x220
                    0x0220                  _UART1 = 0x220
                    0x0230                  UART2 = 0x230
                    0x0230                  _UART2 = 0x230
START GROUP
LOAD /opt/microchip/xc16/v1.50/bin/bin/../../lib/liblega-pic30-elf.a
LOAD /opt/microchip/xc16/v1.50/bin/bin/../../lib/libm-elf.a
LOAD /opt/microchip/xc16/v1.50/bin/bin/../../lib/liblega-c-elf.a
END GROUP
OUTPUT(dist/default/production/RHD2132.X.production.elf elf32-pic30)
LOAD /CW/_FGS¨Y
LOAD /CW/_FBS
LOAD jump_table
LOAD default_isr
LOAD data_init

.debug_pubtypes
                  0x000150        0x6fd
 .debug_pubtypes
                  0x000150         0x9c build/default/production/mcc_generated_files/spi1.o
 .debug_pubtypes
                  0x0001ec         0x42 build/default/production/mcc_generated_files/system.o
 .debug_pubtypes
                  0x00022e         0x2b build/default/production/mcc_generated_files/clock.o
 .debug_pubtypes
                  0x000259         0x4e build/default/production/mcc_generated_files/traps.o
 .debug_pubtypes
                  0x0002a7         0x78 build/default/production/mcc_generated_files/interrupt_manager.o
 .debug_pubtypes
                  0x00031f         0x1f build/default/production/mcc_generated_files/pin_manager.o
 .debug_pubtypes
                  0x00033e         0xdc build/default/production/mcc_generated_files/uart1.o
 .debug_pubtypes
                  0x00041a         0x9c build/default/production/mcc_generated_files/spi2.o
 .debug_pubtypes
                  0x0004b6         0x7c build/default/production/main.o
 .debug_pubtypes
                  0x000532         0x9f build/default/production/Intan_RHD2132.o
 .debug_pubtypes
                  0x0005d1         0x4e build/default/production/Comm.o
 .debug_pubtypes
                  0x00061f         0xdf build/default/production/SST26VF016B.o
 .debug_pubtypes
                  0x0006fe         0xe3 build/default/production/Measurement.o
 .debug_pubtypes
                  0x0007e1         0x6c build/default/production/SPI_nowait.o

__c30_signature
                  0x00084d        0x114
 __c30_signature
                  0x00084d          0x6 build/default/production/mcc_generated_files/spi1.o
 __c30_signature
                  0x000853          0x6 build/default/production/mcc_generated_files/system.o
 __c30_signature
                  0x000859          0x6 build/default/production/mcc_generated_files/clock.o
 __c30_signature
                  0x00085f          0x6 build/default/production/mcc_generated_files/traps.o
 __c30_signature
                  0x000865          0x6 build/default/production/mcc_generated_files/interrupt_manager.o
 __c30_signature
                  0x00086b          0x6 build/default/production/mcc_generated_files/mcc.o
 __c30_signature
                  0x000871          0x6 build/default/production/mcc_generated_files/pin_manager.o
 __c30_signature
                  0x000877          0x6 build/default/production/mcc_generated_files/uart1.o
 __c30_signature
                  0x00087d          0x6 build/default/production/mcc_generated_files/spi2.o
 __c30_signature
                  0x000883          0x6 build/default/production/main.o
 __c30_signature
                  0x000889          0x6 build/default/production/Intan_RHD2132.o
 __c30_signature
                  0x00088f          0x6 build/default/production/Comm.o
 __c30_signature
                  0x000895          0x6 build/default/production/SST26VF016B.o
 __c30_signature
                  0x00089b          0x6 build/default/production/Measurement.o
 __c30_signature
                  0x0008a1          0x6 build/default/production/SPI_nowait.o
 __c30_signature
                  0x0008a7          0x6 /opt/microchip/xc16/v1.50/bin/bin/../../lib/liblega-pic30-elf.a(crt0_standard.o)
 __c30_signature
                  0x0008ad          0x6 /opt/microchip/xc16/v1.50/bin/bin/../../lib/liblega-pic30-elf.a(data_init_standard.o)
 __c30_signature
                  0x0008b3          0x6 /opt/microchip/xc16/v1.50/bin/bin/../../lib/liblega-pic30-elf.a(delay32.Leo)
 __c30_signature
                  0x0008b9          0x6 /opt/microchip/xc16/v1.50/bin/bin/../../lib/libm-elf.a(divsf3.eo)
 __c30_signature
                  0x0008bf          0x6 /opt/microchip/xc16/v1.50/bin/bin/../../lib/libm-elf.a(feqltle.eo)
 __c30_signature
                  0x0008c5          0x6 /opt/microchip/xc16/v1.50/bin/bin/../../lib/libm-elf.a(fpack.eo)
 __c30_signature
                  0x0008cb          0x6 /opt/microchip/xc16/v1.50/bin/bin/../../lib/libm-elf.a(funpack2.eo)
 __c30_signature
                  0x0008d1          0x6 /opt/microchip/xc16/v1.50/bin/bin/../../lib/libm-elf.a(futil.eo)
 __c30_signature
                  0x0008d7          0x6 /opt/microchip/xc16/v1.50/bin/bin/../../lib/libm-elf.a(fcompare.eo)
 __c30_signature
                  0x0008dd          0x6 /opt/microchip/xc16/v1.50/bin/bin/../../lib/libm-elf.a(funpack.eo)
 __c30_signature
                  0x0008e3          0x6 /opt/microchip/xc16/v1.50/bin/bin/../../lib/liblega-c-elf.a(memcpy.XX_eo)
 __c30_signature
                  0x0008e9          0x6 /opt/microchip/xc16/v1.50/bin/bin/../../lib/liblega-c-elf.a(puts.XX_eo)
 __c30_signature
                  0x0008ef          0x6 /opt/microchip/xc16/v1.50/bin/bin/../../lib/liblega-c-elf.a(xfiles.XX_eo)
 __c30_signature
                  0x0008f5          0x6 /opt/microchip/xc16/v1.50/bin/bin/../../lib/liblega-c-elf.a(fputc.XX_elo)
 __c30_signature
                  0x0008fb          0x6 /opt/microchip/xc16/v1.50/bin/bin/../../lib/liblega-c-elf.a(fflush.XX_eo)
 __c30_signature
                  0x000901          0x6 /opt/microchip/xc16/v1.50/bin/bin/../../lib/liblega-c-elf.a(fputs.XX_eo)
 __c30_signature
                  0x000907          0x6 /opt/microchip/xc16/v1.50/bin/bin/../../lib/liblega-c-elf.a(strlen.XX_eo)
 __c30_signature
                  0x00090d          0x6 /opt/microchip/xc16/v1.50/bin/bin/../../lib/liblega-c-elf.a(strrchr.XX_eo)
 __c30_signature
                  0x000913          0x6 /opt/microchip/xc16/v1.50/bin/bin/../../lib/liblega-c-elf.a(xfwprep.XX_eo)
 __c30_signature
                  0x000919          0x6 /opt/microchip/xc16/v1.50/bin/bin/../../lib/liblega-c-elf.a(fclose.XX_elo)
 __c30_signature
                  0x00091f          0x6 /opt/microchip/xc16/v1.50/bin/bin/../../lib/liblega-c-elf.a(xatexit.XX_elo)
 __c30_signature
                  0x000925          0x6 /opt/microchip/xc16/v1.50/bin/bin/../../lib/liblega-c-elf.a(free.XX_eo)
 __c30_signature
                  0x00092b          0x6 /opt/microchip/xc16/v1.50/bin/bin/../../lib/liblega-c-elf.a(malloc.XX_eo)
 __c30_signature
                  0x000931          0x6 /opt/microchip/xc16/v1.50/bin/bin/../../lib/liblega-c-elf.a(xgetmem.XX_eo)
 __c30_signature
                  0x000937          0x6 /opt/microchip/xc16/v1.50/bin/bin/../../lib/liblega-pic30-elf.a(close.Leo)
 __c30_signature
                  0x00093d          0x6 /opt/microchip/xc16/v1.50/bin/bin/../../lib/liblega-pic30-elf.a(write.Leo)
 __c30_signature
                  0x000943          0x6 /opt/microchip/xc16/v1.50/bin/bin/../../lib/liblega-pic30-elf.a(remove.Leo)
 __c30_signature
                  0x000949          0x6 /opt/microchip/xc16/v1.50/bin/bin/../../lib/liblega-pic30-elf.a(sbrk.Leo)
 __c30_signature
                  0x00094f          0x6 /opt/microchip/xc16/v1.50/bin/bin/../../lib/liblega-pic30-elf.a(c30_uart.Leo)
 __c30_signature
                  0x000955          0x6 /opt/microchip/xc16/v1.50/bin/bin/../../lib/liblega-pic30-elf.a(brk.Lelo)
 __c30_signature
                  0x00095b          0x6 /opt/microchip/xc16/v1.50/bin/bin/../../lib/libm-elf.a(mulsi3.eo)

.nbss               0x0800         0xa0
 .nbss              0x0800         0x50 build/default/production/SST26VF016B.o
                    0x0800                  _Write_Addr
                    0x0804                  _cnt_data
                    0x0806                  _cnt_addr
                    0x0808                  _wdata
                    0x0848                  _status
                    0x084a                  _State_PP
                    0x084c                  _State_ID
                    0x084e                  _State_RDSR
 .nbss              0x0850         0x20 build/default/production/mcc_generated_files/traps.o
 .nbss              0x0870         0x20 build/default/production/mcc_generated_files/uart1.o
                    0x088c                  _UART1_TxDefaultInterruptHandler
                    0x088e                  _UART1_RxDefaultInterruptHandler
 .nbss              0x0890          0xc build/default/production/Intan_RHD2132.o
                    0x0890                  _State_RR
                    0x0892                  _Cmd_Conv
                    0x0894                  _Cmd_Read
                    0x0896                  _start_channel
                    0x0898                  _current_channel
                    0x089a                  _end_channel
 .nbss              0x089c          0x4 build/default/production/SPI_nowait.o
                    0x089c                  _MEM_SPI_State
                    0x089e                  _INTAN_SPI_State

.ndata              0x08a0          0x2
 .ndata             0x08a0          0x2 build/default/production/mcc_generated_files/traps.o

.nbss               0x08a2          0x2
 .nbss              0x08a2          0x2 build/default/production/Comm.o
                    0x08a2                  _NumSec

.data               0x08a4         0x88
 .data              0x08a4         0x88 /opt/microchip/xc16/v1.50/bin/bin/../../lib/liblega-c-elf.a(xfiles.XX_eo)
                    0x08a4                  __Stdin
                    0x08cc                  __Stdout
                    0x08f4                  __Stderr
                    0x091c                  __Files

.bss                0x092c          0x6
 .bss               0x092c          0x4 /opt/microchip/xc16/v1.50/bin/bin/../../lib/liblega-c-elf.a(malloc.XX_eo)
                    0x092c                  __Aldata
 .bss               0x0930          0x2 /opt/microchip/xc16/v1.50/bin/bin/../../lib/liblega-c-elf.a(fclose.XX_elo)

.data               0x0932          0x4
 .data              0x0932          0x2 /opt/microchip/xc16/v1.50/bin/bin/../../lib/liblega-c-elf.a(malloc.XX_eo)
                    0x0932                  __Size_block
 .data              0x0934          0x2 /opt/microchip/xc16/v1.50/bin/bin/../../lib/liblega-pic30-elf.a(c30_uart.Leo)
                    0x0934                  ___C30_UART

.bss                0x0936          0x2
 .bss               0x0936          0x2 /opt/microchip/xc16/v1.50/bin/bin/../../lib/liblega-pic30-elf.a(brk.Lelo)
                    0x0936                  ___curbrk

.config_DSWDTEN
                  0xf80010          0x2
 .config_DSWDTEN
                  0xf80010          0x2 build/default/production/mcc_generated_files/system.o

.config_ICS       0xf8000e          0x2
 .config_ICS      0xf8000e          0x2 build/default/production/mcc_generated_files/system.o

.config_MCLRE     0xf8000c          0x2
 .config_MCLRE    0xf8000c          0x2 build/default/production/mcc_generated_files/system.o

.config_WINDIS    0xf8000a          0x2
 .config_WINDIS
                  0xf8000a          0x2 build/default/production/mcc_generated_files/system.o

.config_FCKSM     0xf80008          0x2
 .config_FCKSM    0xf80008          0x2 build/default/production/mcc_generated_files/system.o

.config_IESO      0xf80006          0x2
 .config_IESO     0xf80006          0x2 build/default/production/mcc_generated_files/system.o

.ivt._OscillatorFail
                  0x000006          0x2
 .ivt._OscillatorFail
                  0x000006          0x2 build/default/production/mcc_generated_files/traps.o

.ivt._StackError
                  0x00000a          0x2
 .ivt._StackError
                  0x00000a          0x2 build/default/production/mcc_generated_files/traps.o

.ivt._AddressError
                  0x000008          0x2
 .ivt._AddressError
                  0x000008          0x2 build/default/production/mcc_generated_files/traps.o

.ivt._MathError
                  0x00000c          0x2
 .ivt._MathError
                  0x00000c          0x2 build/default/production/mcc_generated_files/traps.o

.ivt._U1TXInterrupt
                  0x00002c          0x2
 .ivt._U1TXInterrupt
                  0x00002c          0x2 build/default/production/mcc_generated_files/uart1.o

.ivt._U1RXInterrupt
                  0x00002a          0x2
 .ivt._U1RXInterrupt
                  0x00002a          0x2 build/default/production/mcc_generated_files/uart1.o

.ivt._U1ErrInterrupt
                  0x000096          0x2
 .ivt._U1ErrInterrupt
                  0x000096          0x2 build/default/production/mcc_generated_files/uart1.o

.const              0x8ad4         0x86 load address 0x000ad4  
 .const             0x8ad4         0x4a build/default/production/Intan_RHD2132.o
 .const             0x8b1e         0x36 build/default/production/Comm.o
 .const             0x8b54          0x6 build/default/production/Measurement.o

.text             0x000b5a       0x1b88
 .text            0x000b5a        0x858 build/default/production/Intan_RHD2132.o
                  0x000b5a                  _Intan_ReadREG
                  0x000ba2                  _Intan_State_Initialize
                  0x000baa                  _Intan_ReadREG_NoWait
                  0x000c46                  _Intan_SPI_NoWait_Test
                  0x000d2c                  _Intan_SPI_Test
                  0x000e12                  _Intan_WriteREG
                  0x000e8e                  _SetConvertCMD
                  0x000e9c                  _SetReadCMD
                  0x000eae                  _Intan_ADC_Calibrate
                  0x000ef0                  _Intan_ADC_Clear
                  0x000f00                  _Intan_REG_Initialization
                  0x0012a2                  _Intan_Initialization
                  0x00131c                  _Intan_Convert_Initialize
                  0x001332                  _Intan_Convert_Multi
                  0x001356                  _Intan_Convert_NoWait_Test
 .text            0x0013b2        0x7d4 build/default/production/SST26VF016B.o
                  0x0013b2                  _READ_STATUS_REG
                  0x0013e2                  _JEDECID
                  0x001430                  _Check_Status_NoWait
                  0x001480                  _IS_BUSY_NoWait
                  0x0014c4                  _IS_BUSY
                  0x0014de                  _IS_WRITEABLE
                  0x0014f6                  _WRITE_ENABLE
                  0x00150a                  _WRITE_DISABLE
                  0x00151e                  _READ_MEM_256
                  0x0015f2                  _PAGE_PROGRAM_256
                  0x0016b4                  _LOCK_PROTECTION
                  0x0016ca                  _UNLOCK_PROTECTION
                  0x0016e0                  _SECTOR_ERASE
                  0x001756                  _CHIP_ERASE
                  0x00177c                  _TEST_COMM_MEM
                  0x0017a4                  _Writing_State_Initialize
                  0x0017b0                  _Writing_Initialize
                  0x00181a                  _WRITE_ENABLE_NoWait
                  0x001850                  _PAGE_PROGRAM_NoWait
                  0x0018ca                  _PAGE_PROGRAM_NoWait_V2
                  0x001990                  _Test_write_initialize
                  0x0019fc                  _TEST_WRITE_READ
                  0x001aa2                  _JEDECID_NoWait
                  0x001af8                  _TEST_COMM_NoWait
 .text            0x001b86        0x318 build/default/production/Measurement.o
                  0x001b86                  _CONVERT_16_to_8
                  0x001bd2                  _PRINT_MEM
                  0x001d00                  _Measurement
 .text            0x001e9e        0x310 build/default/production/mcc_generated_files/uart1.o
                  0x001e9e                  _UART1_Initialize
                  0x001ed2                  _UART1_SetTxInterruptHandler
                  0x001eea                  _UART1_Transmit_CallBack
                  0x001ef0                  _UART1_SetRxInterruptHandler
                  0x001f08                  _UART1_Receive_CallBack
                  0x001f0e                  _UART1_Read
                  0x001f3a                  _UART1_Write
                  0x001f64                  _UART1_IsRxReady
                  0x001f7a                  _UART1_IsTxReady
                  0x001fae                  _UART1_IsTxDone
                  0x00203e                  _UART1_ReadBuffer
                  0x002078                  _UART1_WriteBuffer
                  0x0020b2                  _UART1_TransferStatusGet
                  0x0020f6                  _UART1_Peek
                  0x002116                  _UART1_ReceiveBufferIsEmpty
                  0x002126                  _UART1_TransmitBufferIsFull
                  0x002136                  _UART1_StatusGet
                  0x00213e                  _UART1_TransmitBufferSizeGet
                  0x00216c                  _UART1_ReceiveBufferSizeGet
                  0x00219a                  _UART1_Enable
                  0x0021a4                  _UART1_Disable
 .text            0x0021ae        0x29a build/default/production/Comm.o
                  0x0021ae                  __put
                  0x0021de                  _write_byte
                  0x00220c                  _process_message
 .text            0x002448        0x14e build/default/production/mcc_generated_files/spi2.o
                  0x002448                  _SPI2_Initialize
                  0x00245a                  _SPI2_Exchange
                  0x00248a                  _SPI2_ExchangeBuffer
                  0x002554                  _SPI2_Exchange8bit
                  0x002564                  _SPI2_Exchange8bitBuffer
                  0x002578                  _SPI2_TransferModeGet
                  0x00258e                  _SPI2_StatusGet
 .text            0x002596        0x14c build/default/production/mcc_generated_files/spi1.o
                  0x002596                  _SPI1_Initialize
                  0x0025a8                  _SPI1_Exchange
                  0x0025d4                  _SPI1_ExchangeBuffer
                  0x00269e                  _SPI1_Exchange16bit
                  0x0026ae                  _SPI1_Exchange16bitBuffer
                  0x0026c4                  _SPI1_TransferModeGet
                  0x0026da                  _SPI1_StatusGet

.dinit            0x0026e2         0xb2
 .dinit           0x0026e2         0xb2 data_init

.text             0x002794         0xd4
 .text            0x002794         0x32 build/default/production/mcc_generated_files/clock.o
                  0x002794                  _CLOCK_Initialize
 .text            0x0027c6         0x30 build/default/production/SPI_nowait.o
                  0x0027c6                  _spi2_NoWait_Initialize
                  0x0027ce                  _spi2_exchangeByte_NoWait
                  0x0027de                  _SPI1_NoWait_Initialize
                  0x0027e6                  _SPI1_Exchange16bit_NoWait
 .text            0x0027f6         0x2a build/default/production/mcc_generated_files/pin_manager.o
                  0x0027f6                  _PIN_MANAGER_Initialize
 .text            0x002820         0x24 build/default/production/mcc_generated_files/interrupt_manager.o
                  0x002820                  _INTERRUPT_Initialize
 .text            0x002844         0x24 build/default/production/main.o
                  0x002844                  _main

.init.delay32     0x002868         0x1c
 .init.delay32    0x002868         0x1c /opt/microchip/xc16/v1.50/bin/bin/../../lib/liblega-pic30-elf.a(delay32.Leo)
                  0x002868                  ___delay32

.text             0x002884         0x2a
 .text            0x002884         0x18 build/default/production/mcc_generated_files/traps.o
                  0x002884                  _TRAPS_halt_on_error
 .text            0x00289c         0x12 build/default/production/mcc_generated_files/system.o
                  0x00289c                  _SYSTEM_Initialize
